current directory: /app/vendor/bundle/ruby/3.3.0/gems/puma-6.6.1/ext/puma_http11
/usr/local/bin/ruby extconf.rb
checking for pkg-config for openssl... not found
checking for BIO_read() in -llibcrypto... no
checking for BIO_read() in -lcrypto... no
checking for BIO_read() in -llibeay32... no
** Puma will be compiled without SSL support
creating Makefile

current directory: /app/vendor/bundle/ruby/3.3.0/gems/puma-6.6.1/ext/puma_http11
make DESTDIR\= sitearchdir\=./.gem.20261001-1987-qtbvfa sitelibdir\=./.gem.20261001-1987-qtbvfa clean
make: Warning: File 'Makefile' has modification time 0.00066 s in the future
make: warning:  Clock skew detected.  Your build may be incomplete.

current directory: /app/vendor/bundle/ruby/3.3.0/gems/puma-6.6.1/ext/puma_http11
make DESTDIR\= sitearchdir\=./.gem.20261001-1987-qtbvfa sitelibdir\=./.gem.20261001-1987-qtbvfa
compiling http11_parser.c
ext/puma_http11/http11_parser.c: In function ‘puma_parser_execute’:
ext/puma_http11/http11_parser.c:436:19: warning: comparison is always true due to limited range of data type [-Wtype-limits]
ext/puma_http11/http11_parser.c:455:19: warning: comparison is always true due to limited range of data type [-Wtype-limits]
ext/puma_http11/http11_parser.c:510:19: warning: comparison is always true due to limited range of data type [-Wtype-limits]
ext/puma_http11/http11_parser.c:531:19: warning: comparison is always true due to limited range of data type [-Wtype-limits]
ext/puma_http11/http11_parser.c:576:9: warning: comparison is always true due to limited range of data type [-Wtype-limits]
ext/puma_http11/http11_parser.c:597:9: warning: comparison is always true due to limited range of data type [-Wtype-limits]
ext/puma_http11/http11_parser.c:619:9: warning: comparison is always true due to limited range of data type [-Wtype-limits]
ext/puma_http11/http11_parser.c:639:9: warning: comparison is always true due to limited range of data type [-Wtype-limits]
At top level:
cc1: note: unrecognized command-line option ‘-Wno-self-assign’ may have been intended to silence earlier diagnostics
cc1: note: unrecognized command-line option ‘-Wno-parentheses-equality’ may have been intended to silence earlier diagnostics
cc1: note: unrecognized command-line option ‘-Wno-constant-logical-operand’ may have been intended to silence earlier diagnostics
compiling mini_ssl.c
compiling puma_http11.c
linking shared-object puma/puma_http11.so

current directory: /app/vendor/bundle/ruby/3.3.0/gems/puma-6.6.1/ext/puma_http11
make DESTDIR\= sitearchdir\=./.gem.20261001-1987-qtbvfa sitelibdir\=./.gem.20261001-1987-qtbvfa install
make: Warning: File 'puma_http11.so' has modification time 0.002 s in the future
/usr/bin/install -c -m 0755 puma_http11.so ./.gem.20261001-1987-qtbvfa/puma
make: warning:  Clock skew detected.  Your build may be incomplete.

current directory: /app/vendor/bundle/ruby/3.3.0/gems/puma-6.6.1/ext/puma_http11
make DESTDIR\= sitearchdir\=./.gem.20261001-1987-qtbvfa sitelibdir\=./.gem.20261001-1987-qtbvfa clean
