current directory: /app/vendor/bundle/ruby/3.3.0/gems/io-console-0.9.2/ext/io/console
/usr/local/bin/ruby extconf.rb
checking for rb_interned_str_cstr()... yes
checking for rb_ractor_local_storage_value_newkey()... yes
checking for rb_io_descriptor() in ruby/io.h... yes
checking for rb_io_path() in ruby/io.h... yes
checking for rb_io_closed_p() in ruby/io.h... yes
checking for rb_io_open_descriptor() in ruby/io.h... yes
checking for termios.h... yes
checking for cfmakeraw() in termios.h... yes
checking for sys/ioctl.h... yes
checking for HAVE_RUBY_FIBER_SCHEDULER_H... yes
checking for rb_category_warn()... yes
checking for RB_WARN_CATEGORY_DEPRECATED... yes
checking for ttyname_r()... yes
checking for rb_prepend_module()... yes
creating Makefile

current directory: /app/vendor/bundle/ruby/3.3.0/gems/io-console-0.9.2/ext/io/console
make DESTDIR\= sitearchdir\=./.gem.20261001-1987-ynvm74 sitelibdir\=./.gem.20261001-1987-ynvm74 clean
make: Warning: File 'Makefile' has modification time 0.0016 s in the future
make: warning:  Clock skew detected.  Your build may be incomplete.

current directory: /app/vendor/bundle/ruby/3.3.0/gems/io-console-0.9.2/ext/io/console
make DESTDIR\= sitearchdir\=./.gem.20261001-1987-ynvm74 sitelibdir\=./.gem.20261001-1987-ynvm74
compiling console.c
linking shared-object io/console.so

current directory: /app/vendor/bundle/ruby/3.3.0/gems/io-console-0.9.2/ext/io/console
make DESTDIR\= sitearchdir\=./.gem.20261001-1987-ynvm74 sitelibdir\=./.gem.20261001-1987-ynvm74 install
/usr/bin/install -c -m 0755 console.so ./.gem.20261001-1987-ynvm74/io

current directory: /app/vendor/bundle/ruby/3.3.0/gems/io-console-0.9.2/ext/io/console
make DESTDIR\= sitearchdir\=./.gem.20261001-1987-ynvm74 sitelibdir\=./.gem.20261001-1987-ynvm74 clean
